Microchip MPLAB XC8 Compiler V2.10 ()

Linker command line:

-W-3 --edf=C:\Program Files (x86)\Microchip\xc8\v2.10\pic\dat\en_msgs.txt \
  -cs -h+dist/default/production\Senior_Design.X.production.sym \
  --cmf=dist/default/production\Senior_Design.X.production.cmf -z \
  -Q18F45Q10 -oC:\Users\JOHNNY~1\AppData\Local\Temp\serk.2 \
  --defsym=__MPLAB_BUILD=1 \
  -Mdist/default/production/Senior_Design.X.production.map -E1 -ver=XC8 \
  --acfsm=1493 -ASTACK=0196h-07FFh -pstack=STACK -ACODE=00h-07FFFh \
  -ACONST=00h-07FFFh -ASMALLCONST=0800h-08FFhx120 \
  -AMEDIUMCONST=0800h-07FFFh -ACOMRAM=01h-05Fh -AABS1=00h-07FFh \
  -ABIGRAM=01h-07FFh -ARAM=060h-0FFh,0100h-01FFhx7 -ABANK0=060h-0FFh \
  -ABANK1=0100h-01FFh -ABANK2=0200h-02FFh -ABANK3=0300h-03FFh \
  -ABANK4=0400h-04FFh -ABANK5=0500h-05FFh -ABANK6=0600h-06FFh \
  -ABANK7=0700h-07FFh -ASFR=0E1Fh-0EFFh,0F00h-0F5Fh,0F60h-0FFFh \
  -preset_vec=00h,intcode=08h,intcodelo,powerup,init -pramtop=0800h \
  -psmallconst=SMALLCONST -pmediumconst=MEDIUMCONST -pconst=CONST \
  -AFARRAM=00h-00h -ACONFIG=0300000h-030000Bh -pconfig=CONFIG \
  -AIDLOC=0200000h-02000FFh -pidloc=IDLOC -AEEDATA=0310000h-03100FFh \
  -peeprom_data=EEDATA \
  -prdata=COMRAM,nvrram=COMRAM,nvbit=COMRAM,rbss=COMRAM,rbit=COMRAM \
  -pfarbss=FARRAM,fardata=FARRAM,nvFARRAM=FARRAM \
  -pintsave_regs=BIGRAM,bigbss=BIGRAM,bigdata=BIGRAM -pbss=RAM \
  -pidata=CODE,irdata=CODE,ibigdata=CODE,ifardata=CODE -prparam=COMRAM \
  C:\Users\JOHNNY~1\AppData\Local\Temp\serk.o \
  dist/default/production\Senior_Design.X.production.o 

Object code version is 3.11

Machine type is 18F45Q10

Call graph: (short form)




                Name                               Link     Load   Length Selector   Space Scale
C:\Users\JOHNNY~1\AppData\Local\Temp\serk.o
                init                                16E      16E        4        4       0
                reset_vec                             0        0        4        0       0
                idloc                            200000   200000      100   200000       0
                config                           300000   300000        C   300000       0
dist/default/production\Senior_Design.X.production.o
                intcode                               8        8      166        4       0
                temp                                 48       48        1        1       1
                smallconst                          800      800        A      400       0
                text47                             340E     340E       2A      405       0
                text46                             2FB4     2FB4       5E      405       0
                text45                             2F56     2F56       5E      405       0
                text44                              E2C      E2C      4C0      405       0
                text43                             1766     1766      39A      405       0
                text42                             254C     254C      106      405       0
                text41                             1F8A     1F8A      1B4      405       0
                text40                             2426     2426      126      405       0
                text38                             32AA     32AA       3C      405       0
                text37                             33B6     33B6       2E      405       0
                text36                             2C14     2C14       C6      405       0
                text35                             2CDA     2CDA       B2      405       0
                text34                             22D4     22D4      152      405       0
                text33                             345E     345E       24      405       0
                text32                             3438     3438       26      405       0
                text31                             28E6     28E6       D0      405       0
                text30                             2816     2816       D0      405       0
                text29                             2652     2652       F2      405       0
                text28                             2744     2744       D2      405       0
                text27                             34AC     34AC        2      405       0
                text26                             29B6     29B6       CC      405       0
                text25                             31E0     31E0       48      405       0
                text24                             32E6     32E6       3A      405       0
                text23                             2A82     2A82       CA      405       0
                text22                             1D84     1D84      206      405       0
                text21                             213E     213E      196      405       0
                text20                             2E94     2E94       62      405       0
                text19                             3012     3012       52      405       0
                text18                             1B00     1B00      284      405       0
                text17                             3194     3194       4C      405       0
                text16                             3148     3148       4C      405       0
                text15                             30FC     30FC       4C      405       0
                text14                             30B0     30B0       4C      405       0
                text13                             3358     3358       30      405       0
                text12                             12EC     12EC      47A      405       0
                text11                             3228     3228       46      405       0
                text10                             34A2     34A2        A      405       0
                text9                              3064     3064       4C      405       0
                text8                              33E4     33E4       2A      405       0
                text7                              3482     3482       20      405       0
                text6                              326E     326E       3C      405       0
                text5                              2B4C     2B4C       C8      405       0
                text4                              2D8C     2D8C       94      405       0
                text3                              2EF6     2EF6       60      405       0
                text2                              2E20     2E20       74      405       0
                text1                              3320     3320       38      405       0
                text0                               80A      80A      622      405       0
                cstackCOMRAM                          1        1       47        1       1
                cstackBANK0                          60       60       87       60       1
                cstackBANK1                         162      162       34      100       1
                bssBANK1                            100      100       62      100       1
                bssBANK0                             E7       E7        A       60       1
                cinit                              3388     3388       2E      405       0

TOTAL           Name                               Link     Load   Length     Space
        CLASS   STACK          

        CLASS   CODE           
                intcode                               8        8      166         0
                init                                16E      16E        4         0
                reset_vec                             0        0        4         0
                text47                             340E     340E       2A         0
                text46                             2FB4     2FB4       5E         0
                text45                             2F56     2F56       5E         0
                text44                              E2C      E2C      4C0         0
                text43                             1766     1766      39A         0
                text42                             254C     254C      106         0
                text41                             1F8A     1F8A      1B4         0
                text40                             2426     2426      126         0
                text38                             32AA     32AA       3C         0
                text37                             33B6     33B6       2E         0
                text36                             2C14     2C14       C6         0
                text35                             2CDA     2CDA       B2         0
                text34                             22D4     22D4      152         0
                text33                             345E     345E       24         0
                text32                             3438     3438       26         0
                text31                             28E6     28E6       D0         0
                text30                             2816     2816       D0         0
                text29                             2652     2652       F2         0
                text28                             2744     2744       D2         0
                text27                             34AC     34AC        2         0
                text26                             29B6     29B6       CC         0
                text25                             31E0     31E0       48         0
                text24                             32E6     32E6       3A         0
                text23                             2A82     2A82       CA         0
                text22                             1D84     1D84      206         0
                text21                             213E     213E      196         0
                text20                             2E94     2E94       62         0
                text19                             3012     3012       52         0
                text18                             1B00     1B00      284         0
                text17                             3194     3194       4C         0
                text16                             3148     3148       4C         0
                text15                             30FC     30FC       4C         0
                text14                             30B0     30B0       4C         0
                text13                             3358     3358       30         0
                text12                             12EC     12EC      47A         0
                text11                             3228     3228       46         0
                text10                             34A2     34A2        A         0
                text9                              3064     3064       4C         0
                text8                              33E4     33E4       2A         0
                text7                              3482     3482       20         0
                text6                              326E     326E       3C         0
                text5                              2B4C     2B4C       C8         0
                text4                              2D8C     2D8C       94         0
                text3                              2EF6     2EF6       60         0
                text2                              2E20     2E20       74         0
                text1                              3320     3320       38         0
                text0                               80A      80A      622         0
                cinit                              3388     3388       2E         0

        CLASS   CONST          

        CLASS   SMALLCONST     
                smallconst                          800      800        A         0

        CLASS   MEDIUMCONST    

        CLASS   COMRAM         
                temp                                 48       48        1         1
                cstackCOMRAM                          1        1       47         1

        CLASS   ABS1           

        CLASS   BIGRAM         

        CLASS   RAM            

        CLASS   BANK0          
                cstackBANK0                          60       60       87         1
                bssBANK0                             E7       E7        A         1

        CLASS   BANK1          
                cstackBANK1                         162      162       34         1
                bssBANK1                            100      100       62         1

        CLASS   BANK2          

        CLASS   BANK3          

        CLASS   BANK4          

        CLASS   BANK5          

        CLASS   BANK6          

        CLASS   BANK7          

        CLASS   SFR            

        CLASS   FARRAM         

        CLASS   CONFIG         
                config                           300000   300000        C         0

        CLASS   IDLOC          
                idloc                            200000   200000      100         0

        CLASS   EEDATA         



SEGMENTS        Name                           Load    Length   Top    Selector   Space  Class

                reset_vec                      000000  000004  000004         0       0  CODE    
                cstackCOMRAM                   000001  000048  000049         1       1  COMRAM  
                intcode                        000008  00016A  000172         4       0  CODE    
                cstackBANK0                    000060  000091  0000F1        60       1  BANK0   
                bssBANK1                       000100  000096  000196       100       1  BANK1   
                smallconst                     000800  00000A  00080A       400       0  SMALLCON
                text0                          00080A  002CA4  0034AE       405       0  CODE    
                idloc                          200000  000100  200100    200000       0  IDLOC   
                config                         300000  00000C  30000C    300000       0  CONFIG  


UNUSED ADDRESS RANGES

        Name                Unused          Largest block    Delta
        BANK0            0000F1-0000FF                F
        BANK1            000196-0001FF               6A
        BANK2            000200-0002FF              100
        BANK3            000300-0003FF              100
        BANK4            000400-0004FF              100
        BANK5            000500-0005FF              100
        BANK6            000600-0006FF              100
        BANK7            000700-0007FF              100
        BIGRAM           000049-00005F               17
                         0000F1-0000FF                F
                         000196-0007FF              66A
        CODE             000004-000007                4
                         000172-0007FF              68E
                         0034AE-007FFF             4B52
        COMRAM           000049-00005F               17
        CONST            000004-000007                4
                         000172-0007FF              68E
                         0034AE-007FFF             4B52
        EEDATA           310000-3100FF              100
        MEDIUMCONST      0034AE-007FFF             4B52
        RAM              0000F1-0000FF                F
                         000196-0007FF              100
        SFR              000E1F-000FFF               E1
        SMALLCONST       0034AE-007FFF              100
        STACK            000196-0007FF              66A

                                  Symbol Table

?___awdiv                cstackBANK0  000060
?___awmod                cstackBANK0  000068
?___fladd                cstackCOMRAM 000028
?___fldiv                cstackCOMRAM 00000F
?___fltol                cstackCOMRAM 000038
?___lodiv                cstackBANK0  000060
?___lomod                cstackBANK0  000060
?___xxtofl               cstackCOMRAM 000001
?_adcNum0                cstackBANK0  000060
?_pad                    cstackBANK0  000070
?_sprintf                cstackBANK0  0000B5
?_strlen                 cstackBANK0  000060
?_ultra_dist             cstackBANK0  000060
?_utoa                   cstackBANK0  00007B
?_vfpfcnvrt              cstackBANK0  00009B
?_vfprintf               cstackBANK0  0000AD
IRpath1@check            cstackBANK0  0000DB
IRpath1@dist1            cstackBANK0  0000E1
IRpath1@dist2            cstackBANK0  0000E3
IRpath1@dist3            cstackBANK0  0000DF
IRpath1@distcr           cstackBANK0  0000D5
IRpath1@distlr           cstackBANK0  0000D3
IRpath1@i                cstackBANK0  0000D7
IRpath1@i_726            cstackBANK0  0000D9
IRpath1@turncheck        cstackBANK0  0000DD
_ADCON0                  (abs)        000F5B
_ADCON0bits              (abs)        000F5B
_ADPCH                   (abs)        000F5A
_ADRES                   (abs)        000F5E
_ANSELB                  (abs)        000F14
_ANSELC                  (abs)        000F1C
_CCP1CON                 (abs)        000FAB
_CCP2CONbits             (abs)        000FA7
_CCPR1H                  (abs)        000FAA
_CCPR1L                  (abs)        000FA9
_CCPR2H                  (abs)        000FA6
_CCPR2L                  (abs)        000FA5
_CCPTMRSbits             (abs)        000FAD
_INTCONbits              (abs)        000FF2
_IOCBF                   (abs)        000F0D
_IOCBFbits               (abs)        000F0D
_IOCBN                   (abs)        000F0E
_IOCBNbits               (abs)        000F0E
_IOCBPbits               (abs)        000F0F
_IRL                     text46       002FB4
_IRR                     text45       002F56
_IRpath1                 text12       0012EC
_LATDbits                (abs)        000F85
_OSCCON1                 (abs)        000ED3
_OSCCON3                 (abs)        000ED5
_OSCEN                   (abs)        000ED7
_OSCTUNE                 (abs)        000ED8
_PIE0bits                (abs)        000EBD
_PMD0                    (abs)        000EDC
_PMD1                    (abs)        000EDD
_PMD3                    (abs)        000EDF
_PORTAbits               (abs)        000F8C
_PORTBbits               (abs)        000F8D
_PORTD                   (abs)        000F8F
_PORTDbits               (abs)        000F8F
_PWM3CONbits             (abs)        000FA4
_PWM3DCH                 (abs)        000FA3
_PWM3DCL                 (abs)        000FA2
_RA4PPS                  (abs)        000EE6
_RB2                     (abs)        007C6A
_RC0                     (abs)        007C70
_RC1                     (abs)        007C71
_RC2                     (abs)        007C72
_RC3PPS                  (abs)        000EF5
_RC4PPS                  (abs)        000EF6
_RC5PPS                  (abs)        000EF7
_RC6PPS                  (abs)        000EF8
_RD6                     (abs)        007C7E
_RE0                     (abs)        007C80
_SSP1ADD                 (abs)        000F92
_SSP1BUF                 (abs)        000F91
_SSP1CLKPPS              (abs)        000EB2
_SSP1CON1bits            (abs)        000F95
_SSP1CON2bits            (abs)        000F96
_SSP1DATPPS              (abs)        000EB3
_SSP1STATbits            (abs)        000F94
_T1CON                   (abs)        000FCE
_T2CLKCON                (abs)        000FBE
_T2CON                   (abs)        000FBC
_T2HLT                   (abs)        000FBD
_T2PR                    (abs)        000FBB
_T2RST                   (abs)        000FBF
_T2TMR                   (abs)        000FBA
_T4CLKCON                (abs)        000FB8
_T4CON                   (abs)        000FB6
_T4HLT                   (abs)        000FB7
_T4PR                    (abs)        000FB5
_T4RST                   (abs)        000FB9
_T4TMR                   (abs)        000FB4
_TMR1                    (abs)        000FCC
_TMR1CLKbits             (abs)        000FD1
_TMR1H                   (abs)        000FCD
_TMR1IF                  (abs)        007648
_TMR1L                   (abs)        000FCC
_TMR1ON                  (abs)        007E70
_TRISAbits               (abs)        000F87
_TRISBbits               (abs)        000F88
_TRISCbits               (abs)        000F89
_TRISDbits               (abs)        000F8A
_TRISEbits               (abs)        000F8B
__CFG_LVP$ON             (abs)        000000
__CFG_WDTE$OFF           (abs)        000000
__HRAM                   (abs)        000000
__Habs1                  abs1         000000
__Hbank0                 bank0        000000
__Hbank1                 bank1        000000
__Hbank2                 bank2        000000
__Hbank3                 bank3        000000
__Hbank4                 bank4        000000
__Hbank5                 bank5        000000
__Hbank6                 bank6        000000
__Hbank7                 bank7        000000
__Hbigbss                bigbss       000000
__Hbigdata               bigdata      000000
__Hbigram                bigram       000000
__Hbss                   bss          000000
__HbssBANK0              bssBANK0     000000
__HbssBANK1              bssBANK1     000000
__Hcinit                 cinit        000000
__Hclrtext               clrtext      000000
__Hcomram                comram       000000
__Hconfig                config       30000C
__Hconst                 const        000000
__HcstackBANK0           cstackBANK0  000000
__HcstackBANK1           cstackBANK1  000000
__HcstackCOMRAM          cstackCOMRAM 000000
__Hdata                  data         000000
__Heeprom_data           eeprom_data  000000
__Hfarbss                farbss       000000
__Hfardata               fardata      000000
__Hibigdata              ibigdata     000000
__Hidata                 idata        000000
__Hidloc                 idloc        200100
__Hifardata              ifardata     000000
__Hinit                  init         000172
__Hintcode               intcode      00016E
__Hintcode_body          intcode_body 000000
__Hintcodelo             intcodelo    00016E
__Hintentry              intentry     000000
__Hintret                intret       000000
__Hintsave_regs          intsave_regs 000000
__Hirdata                irdata       000000
__Hmediumconst           mediumconst  000000
__HnvFARRAM              nvFARRAM     000000
__Hnvbit                 nvbit        000000
__Hnvrram                nvrram       000000
__Hparam                 rparam       000000
__Hpowerup               powerup      00016E
__Hram                   ram          000000
__Hramtop                ramtop       000800
__Hrbit                  rbit         000000
__Hrbss                  rbss         000000
__Hrdata                 rdata        000000
__Hreset_vec             reset_vec    000004
__Hrparam                rparam       000000
__Hsfr                   sfr          000000
__Hsmallconst            smallconst   00080A
__Hspace_0               (abs)        30000C
__Hspace_1               (abs)        000196
__Hspace_2               (abs)        000000
__Hstack                 stack        000000
__Hstruct                struct       000000
__Htemp                  temp         000049
__Htext                  text         000000
__Htext0                 text0        000000
__Htext1                 text1        000000
__Htext10                text10       000000
__Htext11                text11       000000
__Htext12                text12       000000
__Htext13                text13       000000
__Htext14                text14       000000
__Htext15                text15       000000
__Htext16                text16       000000
__Htext17                text17       000000
__Htext18                text18       000000
__Htext19                text19       000000
__Htext2                 text2        000000
__Htext20                text20       000000
__Htext21                text21       000000
__Htext22                text22       000000
__Htext23                text23       000000
__Htext24                text24       000000
__Htext25                text25       000000
__Htext26                text26       000000
__Htext27                text27       000000
__Htext28                text28       000000
__Htext29                text29       000000
__Htext3                 text3        000000
__Htext30                text30       000000
__Htext31                text31       000000
__Htext32                text32       000000
__Htext33                text33       000000
__Htext34                text34       000000
__Htext35                text35       000000
__Htext36                text36       000000
__Htext37                text37       000000
__Htext38                text38       000000
__Htext4                 text4        000000
__Htext40                text40       000000
__Htext41                text41       000000
__Htext42                text42       000000
__Htext43                text43       000000
__Htext44                text44       000000
__Htext45                text45       000000
__Htext46                text46       000000
__Htext47                text47       000000
__Htext5                 text5        000000
__Htext6                 text6        000000
__Htext7                 text7        000000
__Htext8                 text8        000000
__Htext9                 text9        000000
__LRAM                   (abs)        000001
__Labs1                  abs1         000000
__Lbank0                 bank0        000000
__Lbank1                 bank1        000000
__Lbank2                 bank2        000000
__Lbank3                 bank3        000000
__Lbank4                 bank4        000000
__Lbank5                 bank5        000000
__Lbank6                 bank6        000000
__Lbank7                 bank7        000000
__Lbigbss                bigbss       000000
__Lbigdata               bigdata      000000
__Lbigram                bigram       000000
__Lbss                   bss          000000
__LbssBANK0              bssBANK0     000000
__LbssBANK1              bssBANK1     000000
__Lcinit                 cinit        000000
__Lclrtext               clrtext      000000
__Lcomram                comram       000000
__Lconfig                config       300000
__Lconst                 const        000000
__LcstackBANK0           cstackBANK0  000000
__LcstackBANK1           cstackBANK1  000000
__LcstackCOMRAM          cstackCOMRAM 000000
__Ldata                  data         000000
__Leeprom_data           eeprom_data  000000
__Lfarbss                farbss       000000
__Lfardata               fardata      000000
__Libigdata              ibigdata     000000
__Lidata                 idata        000000
__Lidloc                 idloc        200000
__Lifardata              ifardata     000000
__Linit                  init         00016E
__Lintcode               intcode      000008
__Lintcode_body          intcode_body 000000
__Lintcodelo             intcodelo    00016E
__Lintentry              intentry     000000
__Lintret                intret       000000
__Lintsave_regs          intsave_regs 000000
__Lirdata                irdata       000000
__Lmediumconst           mediumconst  000000
__LnvFARRAM              nvFARRAM     000000
__Lnvbit                 nvbit        000000
__Lnvrram                nvrram       000000
__Lparam                 rparam       000000
__Lpowerup               powerup      00016E
__Lram                   ram          000000
__Lramtop                ramtop       000800
__Lrbit                  rbit         000000
__Lrbss                  rbss         000000
__Lrdata                 rdata        000000
__Lreset_vec             reset_vec    000000
__Lrparam                rparam       000000
__Lsfr                   sfr          000000
__Lsmallconst            smallconst   000800
__Lspace_0               (abs)        000000
__Lspace_1               (abs)        000000
__Lspace_2               (abs)        000000
__Lstack                 stack        000000
__Lstruct                struct       000000
__Ltemp                  temp         000048
__Ltext                  text         000000
__Ltext0                 text0        000000
__Ltext1                 text1        000000
__Ltext10                text10       000000
__Ltext11                text11       000000
__Ltext12                text12       000000
__Ltext13                text13       000000
__Ltext14                text14       000000
__Ltext15                text15       000000
__Ltext16                text16       000000
__Ltext17                text17       000000
__Ltext18                text18       000000
__Ltext19                text19       000000
__Ltext2                 text2        000000
__Ltext20                text20       000000
__Ltext21                text21       000000
__Ltext22                text22       000000
__Ltext23                text23       000000
__Ltext24                text24       000000
__Ltext25                text25       000000
__Ltext26                text26       000000
__Ltext27                text27       000000
__Ltext28                text28       000000
__Ltext29                text29       000000
__Ltext3                 text3        000000
__Ltext30                text30       000000
__Ltext31                text31       000000
__Ltext32                text32       000000
__Ltext33                text33       000000
__Ltext34                text34       000000
__Ltext35                text35       000000
__Ltext36                text36       000000
__Ltext37                text37       000000
__Ltext38                text38       000000
__Ltext4                 text4        000000
__Ltext40                text40       000000
__Ltext41                text41       000000
__Ltext42                text42       000000
__Ltext43                text43       000000
__Ltext44                text44       000000
__Ltext45                text45       000000
__Ltext46                text46       000000
__Ltext47                text47       000000
__Ltext5                 text5        000000
__Ltext6                 text6        000000
__Ltext7                 text7        000000
__Ltext8                 text8        000000
__Ltext9                 text9        000000
__S0                     (abs)        30000C
__S1                     (abs)        000196
__S2                     (abs)        000000
___awdiv                 text36       002C14
___awdiv@counter         cstackBANK0  000064
___awdiv@dividend        cstackBANK0  000060
___awdiv@divisor         cstackBANK0  000062
___awdiv@quotient        cstackBANK0  000066
___awdiv@sign            cstackBANK0  000065
___awmod                 text35       002CDA
___awmod@counter         cstackBANK0  00006C
___awmod@dividend        cstackBANK0  000068
___awmod@divisor         cstackBANK0  00006A
___awmod@sign            cstackBANK0  00006D
___fladd                 text44       000E2C
___fladd@a               cstackCOMRAM 00002C
___fladd@aexp            cstackCOMRAM 000035
___fladd@b               cstackCOMRAM 000028
___fladd@bexp            cstackCOMRAM 000036
___fladd@grs             cstackCOMRAM 000037
___fladd@signs           cstackCOMRAM 000034
___fldiv                 text43       001766
___fldiv@a               cstackCOMRAM 000013
___fldiv@aexp            cstackCOMRAM 000027
___fldiv@b               cstackCOMRAM 00000F
___fldiv@bexp            cstackCOMRAM 000026
___fldiv@grs             cstackCOMRAM 000022
___fldiv@new_exp         cstackCOMRAM 000020
___fldiv@rem             cstackCOMRAM 00001B
___fldiv@sign            cstackCOMRAM 00001F
___fltol                 text42       00254C
___fltol@exp1            cstackCOMRAM 000041
___fltol@f1              cstackCOMRAM 000038
___fltol@sign1           cstackCOMRAM 000040
___inthi_sp              stack        000000
___intlo_sp              stack        000000
___lodiv                 text29       002652
___lodiv@counter         cstackBANK0  000078
___lodiv@dividend        cstackBANK0  000060
___lodiv@divisor         cstackBANK0  000068
___lodiv@quotient        cstackBANK0  000070
___lomod                 text28       002744
___lomod@counter         cstackBANK0  000070
___lomod@dividend        cstackBANK0  000060
___lomod@divisor         cstackBANK0  000068
___param_bank            (abs)        000000
___rparam_used           (abs)        000001
___sp                    stack        000000
___xxtofl                text41       001F8A
___xxtofl@arg            cstackCOMRAM 00000B
___xxtofl@exp            cstackCOMRAM 00000A
___xxtofl@sign           cstackCOMRAM 000009
___xxtofl@val            cstackCOMRAM 000001
__accesstop              (abs)        000060
__activetblptr           (abs)        000001
__end_of_IRL             text46       003012
__end_of_IRR             text45       002FB4
__end_of_IRpath1         text12       001766
__end_of___awdiv         text36       002CDA
__end_of___awmod         text35       002D8C
__end_of___fladd         text44       0012EC
__end_of___fldiv         text43       001B00
__end_of___fltol         text42       002652
__end_of___lodiv         text29       002744
__end_of___lomod         text28       002816
__end_of___xxtofl        text41       00213E
__end_of__initialization cinit        0033A4
__end_of_adcNum0         text11       00326E
__end_of_adc_init        text10       0034AC
__end_of_backward        text38       0032E6
__end_of_ccp_init        text9        0030B0
__end_of_echo            intcode      00016E
__end_of_forward         text37       0033E4
__end_of_fputc           text26       002A82
__end_of_fputs           text25       003228
__end_of_get_minutes     text33       003482
__end_of_get_seconds     text32       00345E
__end_of_go              smallconst   000805
__end_of_i2c_init        text8        00340E
__end_of_i2c_read        text34       002426
__end_of_i2c_write       text5        002C14
__end_of_lcd_char        text31       0029B6
__end_of_lcd_command     text30       0028E6
__end_of_lcd_init        text7        0034A2
__end_of_lcdprint        text18       001D84
__end_of_lturn           text17       0031E0
__end_of_main            text0        000E2C
__end_of_pad             text23       002B4C
__end_of_putch           text27       0034AE
__end_of_pwm_init        text6        0032AA
__end_of_reversel        text16       003194
__end_of_reverser        text15       003148
__end_of_rtc_init        text4        002E20
__end_of_rturn           text14       0030FC
__end_of_set_minutes     text3        002F56
__end_of_set_seconds     text2        002E94
__end_of_sprintf         text19       003064
__end_of_stop            smallconst   000803
__end_of_strlen          text24       003320
__end_of_t1_init         text1        003358
__end_of_ultra_dist      text13       003388
__end_of_us_irs          text40       00254C
__end_of_utoa            text22       001F8A
__end_of_vfpfcnvrt       text21       0022D4
__end_of_vfprintf        text20       002EF6
__end_ofi2_forward       text47       003438
__initialization         cinit        003388
__mediumconst            mediumconst  000000
__pbssBANK0              bssBANK0     0000E7
__pbssBANK1              bssBANK1     000100
__pcinit                 cinit        003388
__pcstackBANK0           cstackBANK0  000060
__pcstackBANK1           cstackBANK1  000162
__pcstackCOMRAM          cstackCOMRAM 000001
__pintcode               intcode      000008
__psmallconst            smallconst   000800
__ptext0                 text0        00080A
__ptext1                 text1        003320
__ptext10                text10       0034A2
__ptext11                text11       003228
__ptext12                text12       0012EC
__ptext13                text13       003358
__ptext14                text14       0030B0
__ptext15                text15       0030FC
__ptext16                text16       003148
__ptext17                text17       003194
__ptext18                text18       001B00
__ptext19                text19       003012
__ptext2                 text2        002E20
__ptext20                text20       002E94
__ptext21                text21       00213E
__ptext22                text22       001D84
__ptext23                text23       002A82
__ptext24                text24       0032E6
__ptext25                text25       0031E0
__ptext26                text26       0029B6
__ptext27                text27       0034AC
__ptext28                text28       002744
__ptext29                text29       002652
__ptext3                 text3        002EF6
__ptext30                text30       002816
__ptext31                text31       0028E6
__ptext32                text32       003438
__ptext33                text33       00345E
__ptext34                text34       0022D4
__ptext35                text35       002CDA
__ptext36                text36       002C14
__ptext37                text37       0033B6
__ptext38                text38       0032AA
__ptext4                 text4        002D8C
__ptext40                text40       002426
__ptext41                text41       001F8A
__ptext42                text42       00254C
__ptext43                text43       001766
__ptext44                text44       000E2C
__ptext45                text45       002F56
__ptext46                text46       002FB4
__ptext47                text47       00340E
__ptext5                 text5        002B4C
__ptext6                 text6        00326E
__ptext7                 text7        003482
__ptext8                 text8        0033E4
__ptext9                 text9        003064
__ramtop                 ramtop       000800
__size_of_IRL            (abs)        000000
__size_of_IRR            (abs)        000000
__size_of_IRpath1        (abs)        000000
__size_of___awdiv        (abs)        000000
__size_of___awmod        (abs)        000000
__size_of___fladd        (abs)        000000
__size_of___fldiv        (abs)        000000
__size_of___fltol        (abs)        000000
__size_of___lodiv        (abs)        000000
__size_of___lomod        (abs)        000000
__size_of___xxtofl       (abs)        000000
__size_of_adcNum0        (abs)        000000
__size_of_adc_init       (abs)        000000
__size_of_backward       (abs)        000000
__size_of_ccp_init       (abs)        000000
__size_of_echo           (abs)        000000
__size_of_forward        (abs)        000000
__size_of_fputc          (abs)        000000
__size_of_fputs          (abs)        000000
__size_of_get_minutes    (abs)        000000
__size_of_get_seconds    (abs)        000000
__size_of_i2c_init       (abs)        000000
__size_of_i2c_read       (abs)        000000
__size_of_i2c_write      (abs)        000000
__size_of_lcd_char       (abs)        000000
__size_of_lcd_command    (abs)        000000
__size_of_lcd_init       (abs)        000000
__size_of_lcdprint       (abs)        000000
__size_of_lturn          (abs)        000000
__size_of_main           (abs)        000000
__size_of_pad            (abs)        000000
__size_of_putch          (abs)        000000
__size_of_pwm_init       (abs)        000000
__size_of_reversel       (abs)        000000
__size_of_reverser       (abs)        000000
__size_of_rtc_init       (abs)        000000
__size_of_rturn          (abs)        000000
__size_of_set_minutes    (abs)        000000
__size_of_set_seconds    (abs)        000000
__size_of_sprintf        (abs)        000000
__size_of_strlen         (abs)        000000
__size_of_t1_init        (abs)        000000
__size_of_ultra_dist     (abs)        000000
__size_of_us_irs         (abs)        000000
__size_of_utoa           (abs)        000000
__size_of_vfpfcnvrt      (abs)        000000
__size_of_vfprintf       (abs)        000000
__size_ofi2_forward      (abs)        000000
__smallconst             smallconst   000800
_adcNum0                 text11       003228
_adc_init                text10       0034A2
_backward                text38       0032AA
_ccp_init                text9        003064
_dbuf                    bssBANK1     000142
_distance                bssBANK0     0000EF
_echo                    intcode      000008
_flags                   bssBANK0     0000ED
_forward                 text37       0033B6
_fputc                   text26       0029B6
_fputs                   text25       0031E0
_get_minutes             text33       00345E
_get_seconds             text32       003438
_i2c_init                text8        0033E4
_i2c_read                text34       0022D4
_i2c_write               text5        002B4C
_index                   bssBANK1     000140
_lcd_char                text31       0028E6
_lcd_command             text30       002816
_lcd_init                text7        003482
_lcdprint                text18       001B00
_lturn                   text17       003194
_main                    text0        00080A
_maze                    bssBANK1     000100
_nout                    bssBANK0     0000E7
_pad                     text23       002A82
_prec                    bssBANK0     0000EB
_putch                   text27       0034AC
_pwm_init                text6        00326E
_reversel                text16       003148
_reverser                text15       0030FC
_rtc_init                text4        002D8C
_rturn                   text14       0030B0
_set_minutes             text3        002EF6
_set_seconds             text2        002E20
_sprintf                 text19       003012
_strlen                  text24       0032E6
_t1_init                 text1        003320
_ultra_dist              text13       003358
_us_irs                  text40       002426
_utoa                    text22       001D84
_value0                  bssBANK1     00013C
_vfpfcnvrt               text21       00213E
_vfprintf                text20       002E94
_width                   bssBANK0     0000E9
btemp                    temp         000048
end_of_initialization    cinit        0033A4
forward@gostop           cstackBANK0  000060
fputc@c                  cstackBANK0  000060
fputc@fp                 cstackBANK0  000062
fputs@c                  cstackBANK0  00006D
fputs@fp                 cstackBANK0  00006B
fputs@i                  cstackBANK0  00006E
fputs@s                  cstackBANK0  000069
get_minutes@min          cstackBANK0  000068
get_seconds@sec          cstackBANK0  000068
i2_forward               text47       00340E
i2c_read@address         cstackBANK0  000066
i2c_read@num             cstackBANK0  000061
i2c_read@read            cstackBANK0  000065
i2c_read@registers       cstackBANK0  000060
i2c_write@address        cstackBANK0  000062
i2c_write@data           cstackBANK0  000061
i2c_write@registers      cstackBANK0  000060
i2forward@gostop         cstackCOMRAM 000001
int$flags                temp         000048
intlevel0                text         000000
intlevel1                text         000000
intlevel2                text         000000
intlevel3                text         000000
lcd_char@temp            cstackBANK0  000061
lcd_char@x               cstackBANK0  000062
lcd_command@temp         cstackBANK0  000061
lcd_command@x            cstackBANK0  000062
lcdprint@array           cstackBANK0  0000CC
lcdprint@d               cstackBANK0  0000CF
lcdprint@d1              cstackBANK0  0000C6
lcdprint@d2              cstackBANK0  0000C7
lcdprint@d3              cstackBANK0  0000C8
lcdprint@dd              cstackBANK0  0000CB
lcdprint@i               cstackBANK0  0000C9
lcdprint@temp1           cstackBANK0  0000D0
lcdprint@temp2           cstackBANK0  0000CE
main@distc               cstackBANK1  000180
main@distcc              cstackBANK1  00018E
main@distl               cstackBANK1  000192
main@distr               cstackBANK1  000194
main@i                   cstackBANK1  00018A
main@i_786               cstackBANK1  000184
main@i_787               cstackBANK1  000186
main@i_789               cstackBANK1  00018C
main@j                   cstackBANK1  000190
main@spf                 cstackBANK1  000162
main@to3                 cstackBANK1  000188
pad@buf                  cstackBANK0  000072
pad@fp                   cstackBANK0  000070
pad@i                    cstackBANK0  000077
pad@p                    cstackBANK0  000074
pad@w                    cstackBANK0  000079
rtc_init@hour            cstackBANK0  00006B
rtc_init@i               cstackBANK0  000068
rtc_init@sec             cstackBANK0  00006A
set_minutes@min          cstackBANK0  000070
set_seconds@curr_sec     cstackBANK0  000070
set_seconds@sec          cstackBANK0  000071
sprintf@ap               cstackBANK0  0000BD
sprintf@f                cstackBANK0  0000BF
sprintf@fmt              cstackBANK0  0000B7
sprintf@s                cstackBANK0  0000B5
stackhi                  (abs)        0007FF
stacklo                  (abs)        000196
start                    init         00016E
start_initialization     cinit        003388
strlen@a                 cstackBANK0  000062
strlen@s                 cstackBANK0  000060
ttemp5                   temp         000049
ttemp6                   temp         00004C
ttemp7                   temp         000050
us_irs@time_taken        cstackCOMRAM 000046
utoa@d                   cstackBANK0  00007D
utoa@fp                  cstackBANK0  00007B
utoa@i                   cstackBANK0  000099
utoa@n                   cstackBANK0  000091
utoa@p                   cstackBANK0  00008D
utoa@w                   cstackBANK0  00008F
vfpfcnvrt@ap             cstackBANK0  00009F
vfpfcnvrt@fmt            cstackBANK0  00009D
vfpfcnvrt@fp             cstackBANK0  00009B
vfpfcnvrt@llu            cstackBANK0  0000A5
vfprintf@ap              cstackBANK0  0000B1
vfprintf@cfmt            cstackBANK0  0000B3
vfprintf@fmt             cstackBANK0  0000AF
vfprintf@fp              cstackBANK0  0000AD
wtemp8                   temp         000049


FUNCTION INFORMATION:

 *************** function _main *****************
 Defined at:
		line 618 in file "senior_main.c"
 Parameters:    Size  Location     Type
		None
 Auto vars:     Size  Location     Type
  i               2   36[BANK1 ] int 
  i               2   34[BANK1 ] int 
  j               2   46[BANK1 ] int 
  i               2   42[BANK1 ] int 
  spf            30    0[BANK1 ] int [15]
  to3             2   38[BANK1 ] int 
  distc           2   30[BANK1 ] int 
  i               2   40[BANK1 ] int 
  distr           2   50[BANK1 ] int 
  distl           2   48[BANK1 ] int 
  distcc          2   44[BANK1 ] int 
  time            2    0        int 
 Return value:  Size  Location     Type
                  1    wreg      void 
 Registers used:
		wreg, fsr1l, fsr1h, fsr2l, fsr2h, status,2, status,0, tblptrl, tblptrh, tblptru, prodl, prodh, cstack
 Tracked objects:
		On entry : 
		On exit  : 
		Unchanged: 
 Data sizes:     COMRAM   BANK0   BANK1   BANK2   BANK3   BANK4   BANK5   BANK6   BANK7
      Params:         0       0       0       0       0       0       0       0       0
      Locals:         0       0      52       0       0       0       0       0       0
      Temps:          0       2       0       0       0       0       0       0       0
      Totals:         0       2      52       0       0       0       0       0       0
Total ram usage:       54 bytes
 Hardware stack levels required when called:   13
 This function calls:
		_IRpath1
		_adcNum0
		_adc_init
		_backward
		_ccp_init
		_forward
		_i2c_init
		_lcd_init
		_lcdprint
		_lturn
		_pwm_init
		_reversel
		_reverser
		_rtc_init
		_rturn
		_set_minutes
		_set_seconds
		_t1_init
		_ultra_dist
 This function is called by:
		Startup code after reset
 This function uses a non-reentrant model


 *************** function _t1_init *****************
 Defined at:
		line 41 in file "senior_main.c"
 Parameters:    Size  Location     Type
		None
 Auto vars:     Size  Location     Type
		None
 Return value:  Size  Location     Type
                  1    wreg      void 
 Registers used:
		wreg, status,2
 Tracked objects:
		On entry : 
		On exit  : 
		Unchanged: 
 Data sizes:     COMRAM   BANK0   BANK1   BANK2   BANK3   BANK4   BANK5   BANK6   BANK7
      Params:         0       0       0       0       0       0       0       0       0
      Locals:         0       0       0       0       0       0       0       0       0
      Temps:          0       0       0       0       0       0       0       0       0
      Totals:         0       0       0       0       0       0       0       0       0
Total ram usage:        0 bytes
 Hardware stack levels used:    1
 Hardware stack levels required when called:    3
 This function calls:
		Nothing
 This function is called by:
		_main
 This function uses a non-reentrant model


 *************** function _set_seconds *****************
 Defined at:
		line 47 in file "timer.c"
 Parameters:    Size  Location     Type
  sec             1    wreg     unsigned char 
 Auto vars:     Size  Location     Type
  sec             1   17[BANK0 ] unsigned char 
  curr_sec        1   16[BANK0 ] unsigned char 
 Return value:  Size  Location     Type
                  1    wreg      void 
 Registers used:
		wreg, status,2, status,0, prodl, prodh, cstack
 Tracked objects:
		On entry : 
		On exit  : 
		Unchanged: 
 Data sizes:     COMRAM   BANK0   BANK1   BANK2   BANK3   BANK4   BANK5   BANK6   BANK7
      Params:         0       0       0       0       0       0       0       0       0
      Locals:         0       2       0       0       0       0       0       0       0
      Temps:          0       2       0       0       0       0       0       0       0
      Totals:         0       4       0       0       0       0       0       0       0
Total ram usage:        4 bytes
 Hardware stack levels used:    1
 Hardware stack levels required when called:    4
 This function calls:
		___awdiv
		___awmod
		_i2c_read
		_i2c_write
 This function is called by:
		_main
 This function uses a non-reentrant model


 *************** function _set_minutes *****************
 Defined at:
		line 77 in file "timer.c"
 Parameters:    Size  Location     Type
  min             1    wreg     unsigned char 
 Auto vars:     Size  Location     Type
  min             1   16[BANK0 ] unsigned char 
 Return value:  Size  Location     Type
                  1    wreg      void 
 Registers used:
		wreg, status,2, status,0, prodl, prodh, cstack
 Tracked objects:
		On entry : 
		On exit  : 
		Unchanged: 
 Data sizes:     COMRAM   BANK0   BANK1   BANK2   BANK3   BANK4   BANK5   BANK6   BANK7
      Params:         0       0       0       0       0       0       0       0       0
      Locals:         0       1       0       0       0       0       0       0       0
      Temps:          0       2       0       0       0       0       0       0       0
      Totals:         0       3       0       0       0       0       0       0       0
Total ram usage:        3 bytes
 Hardware stack levels used:    1
 Hardware stack levels required when called:    4
 This function calls:
		___awdiv
		___awmod
		_i2c_write
 This function is called by:
		_main
 This function uses a non-reentrant model


 *************** function _rtc_init *****************
 Defined at:
		line 12 in file "timer.c"
 Parameters:    Size  Location     Type
		None
 Auto vars:     Size  Location     Type
  i               2    8[BANK0 ] unsigned int 
  hour            1   11[BANK0 ] unsigned char 
  sec             1   10[BANK0 ] unsigned char 
 Return value:  Size  Location     Type
                  1    wreg      void 
 Registers used:
		wreg, status,2, status,0, cstack
 Tracked objects:
		On entry : 
		On exit  : 
		Unchanged: 
 Data sizes:     COMRAM   BANK0   BANK1   BANK2   BANK3   BANK4   BANK5   BANK6   BANK7
      Params:         0       0       0       0       0       0       0       0       0
      Locals:         0       4       0       0       0       0       0       0       0
      Temps:          0       1       0       0       0       0       0       0       0
      Totals:         0       5       0       0       0       0       0       0       0
Total ram usage:        5 bytes
 Hardware stack levels used:    1
 Hardware stack levels required when called:    4
 This function calls:
		_i2c_read
		_i2c_write
 This function is called by:
		_main
 This function uses a non-reentrant model


 *************** function _i2c_write *****************
 Defined at:
		line 103 in file "i2c.c"
 Parameters:    Size  Location     Type
  address         1    wreg     unsigned char 
  registers       1    0[BANK0 ] unsigned char 
  data            1    1[BANK0 ] unsigned char 
 Auto vars:     Size  Location     Type
  address         1    2[BANK0 ] unsigned char 
 Return value:  Size  Location     Type
                  1    wreg      void 
 Registers used:
		wreg, status,2, status,0
 Tracked objects:
		On entry : 
		On exit  : 
		Unchanged: 
 Data sizes:     COMRAM   BANK0   BANK1   BANK2   BANK3   BANK4   BANK5   BANK6   BANK7
      Params:         0       2       0       0       0       0       0       0       0
      Locals:         0       1       0       0       0       0       0       0       0
      Temps:          0       0       0       0       0       0       0       0       0
      Totals:         0       3       0       0       0       0       0       0       0
Total ram usage:        3 bytes
 Hardware stack levels used:    1
 Hardware stack levels required when called:    3
 This function calls:
		Nothing
 This function is called by:
		_rtc_init
		_set_seconds
		_set_minutes
		_set_hours
		_set_dayname
		_set_months
		_set_days
		_set_years
		_set_Aseconds
		_set_Aminutes
		_set_Ahours
 This function uses a non-reentrant model


 *************** function _pwm_init *****************
 Defined at:
		line 184 in file "senior_main.c"
 Parameters:    Size  Location     Type
		None
 Auto vars:     Size  Location     Type
		None
 Return value:  Size  Location     Type
                  1    wreg      void 
 Registers used:
		wreg, status,2
 Tracked objects:
		On entry : 
		On exit  : 
		Unchanged: 
 Data sizes:     COMRAM   BANK0   BANK1   BANK2   BANK3   BANK4   BANK5   BANK6   BANK7
      Params:         0       0       0       0       0       0       0       0       0
      Locals:         0       0       0       0       0       0       0       0       0
      Temps:          0       0       0       0       0       0       0       0       0
      Totals:         0       0       0       0       0       0       0       0       0
Total ram usage:        0 bytes
 Hardware stack levels used:    1
 Hardware stack levels required when called:    3
 This function calls:
		Nothing
 This function is called by:
		_main
 This function uses a non-reentrant model


 *************** function _lcd_init *****************
 Defined at:
		line 61 in file "lcd.c"
 Parameters:    Size  Location     Type
		None
 Auto vars:     Size  Location     Type
		None
 Return value:  Size  Location     Type
                  1    wreg      void 
 Registers used:
		wreg, status,2, status,0, cstack
 Tracked objects:
		On entry : 
		On exit  : 
		Unchanged: 
 Data sizes:     COMRAM   BANK0   BANK1   BANK2   BANK3   BANK4   BANK5   BANK6   BANK7
      Params:         0       0       0       0       0       0       0       0       0
      Locals:         0       0       0       0       0       0       0       0       0
      Temps:          0       0       0       0       0       0       0       0       0
      Totals:         0       0       0       0       0       0       0       0       0
Total ram usage:        0 bytes
 Hardware stack levels used:    1
 Hardware stack levels required when called:    4
 This function calls:
		_lcd_command
 This function is called by:
		_main
 This function uses a non-reentrant model


 *************** function _i2c_init *****************
 Defined at:
		line 10 in file "i2c.c"
 Parameters:    Size  Location     Type
		None
 Auto vars:     Size  Location     Type
		None
 Return value:  Size  Location     Type
                  1    wreg      void 
 Registers used:
		wreg, status,2
 Tracked objects:
		On entry : 
		On exit  : 
		Unchanged: 
 Data sizes:     COMRAM   BANK0   BANK1   BANK2   BANK3   BANK4   BANK5   BANK6   BANK7
      Params:         0       0       0       0       0       0       0       0       0
      Locals:         0       0       0       0       0       0       0       0       0
      Temps:          0       0       0       0       0       0       0       0       0
      Totals:         0       0       0       0       0       0       0       0       0
Total ram usage:        0 bytes
 Hardware stack levels used:    1
 Hardware stack levels required when called:    3
 This function calls:
		Nothing
 This function is called by:
		_main
 This function uses a non-reentrant model


 *************** function _ccp_init *****************
 Defined at:
		line 221 in file "senior_main.c"
 Parameters:    Size  Location     Type
		None
 Auto vars:     Size  Location     Type
		None
 Return value:  Size  Location     Type
                  1    wreg      void 
 Registers used:
		wreg, status,2
 Tracked objects:
		On entry : 
		On exit  : 
		Unchanged: 
 Data sizes:     COMRAM   BANK0   BANK1   BANK2   BANK3   BANK4   BANK5   BANK6   BANK7
      Params:         0       0       0       0       0       0       0       0       0
      Locals:         0       0       0       0       0       0       0       0       0
      Temps:          0       0       0       0       0       0       0       0       0
      Totals:         0       0       0       0       0       0       0       0       0
Total ram usage:        0 bytes
 Hardware stack levels used:    1
 Hardware stack levels required when called:    3
 This function calls:
		Nothing
 This function is called by:
		_main
 This function uses a non-reentrant model


 *************** function _adc_init *****************
 Defined at:
		line 9 in file "adc.c"
 Parameters:    Size  Location     Type
		None
 Auto vars:     Size  Location     Type
		None
 Return value:  Size  Location     Type
                  1    wreg      void 
 Registers used:
		wreg, status,2
 Tracked objects:
		On entry : 
		On exit  : 
		Unchanged: 
 Data sizes:     COMRAM   BANK0   BANK1   BANK2   BANK3   BANK4   BANK5   BANK6   BANK7
      Params:         0       0       0       0       0       0       0       0       0
      Locals:         0       0       0       0       0       0       0       0       0
      Temps:          0       0       0       0       0       0       0       0       0
      Totals:         0       0       0       0       0       0       0       0       0
Total ram usage:        0 bytes
 Hardware stack levels used:    1
 Hardware stack levels required when called:    3
 This function calls:
		Nothing
 This function is called by:
		_main
 This function uses a non-reentrant model


 *************** function _adcNum0 *****************
 Defined at:
		line 19 in file "adc.c"
 Parameters:    Size  Location     Type
		None
 Auto vars:     Size  Location     Type
		None
 Return value:  Size  Location     Type
                  4    0[BANK0 ] unsigned long 
 Registers used:
		wreg, status,2, status,0
 Tracked objects:
		On entry : 
		On exit  : 
		Unchanged: 
 Data sizes:     COMRAM   BANK0   BANK1   BANK2   BANK3   BANK4   BANK5   BANK6   BANK7
      Params:         0       4       0       0       0       0       0       0       0
      Locals:         0       0       0       0       0       0       0       0       0
      Temps:          0       3       0       0       0       0       0       0       0
      Totals:         0       7       0       0       0       0       0       0       0
Total ram usage:        7 bytes
 Hardware stack levels used:    1
 Hardware stack levels required when called:    3
 This function calls:
		Nothing
 This function is called by:
		_main
 This function uses a non-reentrant model


 *************** function _IRpath1 *****************
 Defined at:
		line 334 in file "senior_main.c"
 Parameters:    Size  Location     Type
		None
 Auto vars:     Size  Location     Type
  i               2  121[BANK0 ] int 
  i               2  119[BANK0 ] int 
  dist2           2  131[BANK0 ] int 
  dist1           2  129[BANK0 ] int 
  dist3           2  127[BANK0 ] int 
  distcr          2  117[BANK0 ] int 
  distlr          2  115[BANK0 ] int 
  turncheck       2  125[BANK0 ] int 
  check           2  123[BANK0 ] int 
 Return value:  Size  Location     Type
                  1    wreg      void 
 Registers used:
		wreg, fsr1l, fsr1h, fsr2l, fsr2h, status,2, status,0, tblptrl, tblptrh, tblptru, prodl, prodh, cstack
 Tracked objects:
		On entry : 
		On exit  : 
		Unchanged: 
 Data sizes:     COMRAM   BANK0   BANK1   BANK2   BANK3   BANK4   BANK5   BANK6   BANK7
      Params:         0       0       0       0       0       0       0       0       0
      Locals:         0      18       0       0       0       0       0       0       0
      Temps:          0       2       0       0       0       0       0       0       0
      Totals:         0      20       0       0       0       0       0       0       0
Total ram usage:       20 bytes
 Hardware stack levels used:    1
 Hardware stack levels required when called:   12
 This function calls:
		_backward
		_forward
		_lcdprint
		_lturn
		_reversel
		_reverser
		_rturn
		_ultra_dist
 This function is called by:
		_main
 This function uses a non-reentrant model


 *************** function _ultra_dist *****************
 Defined at:
		line 65 in file "senior_main.c"
 Parameters:    Size  Location     Type
		None
 Auto vars:     Size  Location     Type
		None
 Return value:  Size  Location     Type
                  2    0[BANK0 ] int 
 Registers used:
		wreg, status,2
 Tracked objects:
		On entry : 
		On exit  : 
		Unchanged: 
 Data sizes:     COMRAM   BANK0   BANK1   BANK2   BANK3   BANK4   BANK5   BANK6   BANK7
      Params:         0       2       0       0       0       0       0       0       0
      Locals:         0       0       0       0       0       0       0       0       0
      Temps:          0       1       0       0       0       0       0       0       0
      Totals:         0       3       0       0       0       0       0       0       0
Total ram usage:        3 bytes
 Hardware stack levels used:    1
 Hardware stack levels required when called:    3
 This function calls:
		Nothing
 This function is called by:
		_IRpath1
		_main
		_IRpath2
 This function uses a non-reentrant model


 *************** function _rturn *****************
 Defined at:
		line 39 in file "movement.c"
 Parameters:    Size  Location     Type
		None
 Auto vars:     Size  Location     Type
		None
 Return value:  Size  Location     Type
                  1    wreg      void 
 Registers used:
		wreg, status,2
 Tracked objects:
		On entry : 
		On exit  : 
		Unchanged: 
 Data sizes:     COMRAM   BANK0   BANK1   BANK2   BANK3   BANK4   BANK5   BANK6   BANK7
      Params:         0       0       0       0       0       0       0       0       0
      Locals:         0       0       0       0       0       0       0       0       0
      Temps:          0       2       0       0       0       0       0       0       0
      Totals:         0       2       0       0       0       0       0       0       0
Total ram usage:        2 bytes
 Hardware stack levels used:    1
 Hardware stack levels required when called:    3
 This function calls:
		Nothing
 This function is called by:
		_IRpath1
		_main
		_IRpath2
 This function uses a non-reentrant model


 *************** function _reverser *****************
 Defined at:
		line 110 in file "movement.c"
 Parameters:    Size  Location     Type
		None
 Auto vars:     Size  Location     Type
		None
 Return value:  Size  Location     Type
                  1    wreg      void 
 Registers used:
		wreg, status,2
 Tracked objects:
		On entry : 
		On exit  : 
		Unchanged: 
 Data sizes:     COMRAM   BANK0   BANK1   BANK2   BANK3   BANK4   BANK5   BANK6   BANK7
      Params:         0       0       0       0       0       0       0       0       0
      Locals:         0       0       0       0       0       0       0       0       0
      Temps:          0       2       0       0       0       0       0       0       0
      Totals:         0       2       0       0       0       0       0       0       0
Total ram usage:        2 bytes
 Hardware stack levels used:    1
 Hardware stack levels required when called:    3
 This function calls:
		Nothing
 This function is called by:
		_IRpath1
		_main
		_IRpath2
 This function uses a non-reentrant model


 *************** function _reversel *****************
 Defined at:
		line 87 in file "movement.c"
 Parameters:    Size  Location     Type
		None
 Auto vars:     Size  Location     Type
		None
 Return value:  Size  Location     Type
                  1    wreg      void 
 Registers used:
		wreg, status,2
 Tracked objects:
		On entry : 
		On exit  : 
		Unchanged: 
 Data sizes:     COMRAM   BANK0   BANK1   BANK2   BANK3   BANK4   BANK5   BANK6   BANK7
      Params:         0       0       0       0       0       0       0       0       0
      Locals:         0       0       0       0       0       0       0       0       0
      Temps:          0       2       0       0       0       0       0       0       0
      Totals:         0       2       0       0       0       0       0       0       0
Total ram usage:        2 bytes
 Hardware stack levels used:    1
 Hardware stack levels required when called:    3
 This function calls:
		Nothing
 This function is called by:
		_IRpath1
		_main
		_IRpath2
 This function uses a non-reentrant model


 *************** function _lturn *****************
 Defined at:
		line 63 in file "movement.c"
 Parameters:    Size  Location     Type
		None
 Auto vars:     Size  Location     Type
		None
 Return value:  Size  Location     Type
                  1    wreg      void 
 Registers used:
		wreg, status,2
 Tracked objects:
		On entry : 
		On exit  : 
		Unchanged: 
 Data sizes:     COMRAM   BANK0   BANK1   BANK2   BANK3   BANK4   BANK5   BANK6   BANK7
      Params:         0       0       0       0       0       0       0       0       0
      Locals:         0       0       0       0       0       0       0       0       0
      Temps:          0       2       0       0       0       0       0       0       0
      Totals:         0       2       0       0       0       0       0       0       0
Total ram usage:        2 bytes
 Hardware stack levels used:    1
 Hardware stack levels required when called:    3
 This function calls:
		Nothing
 This function is called by:
		_IRpath1
		_main
		_IRpath2
 This function uses a non-reentrant model


 *************** function _lcdprint *****************
 Defined at:
		line 262 in file "senior_main.c"
 Parameters:    Size  Location     Type
		None
 Auto vars:     Size  Location     Type
  i               2  105[BANK0 ] int 
  array           2  108[BANK0 ] unsigned char [2]
  temp1           1  112[BANK0 ] unsigned char 
  d               1  111[BANK0 ] unsigned char [1]
  temp2           1  110[BANK0 ] unsigned char 
  dd              1  107[BANK0 ] unsigned char 
  d3              1  104[BANK0 ] unsigned char 
  d2              1  103[BANK0 ] unsigned char 
  d1              1  102[BANK0 ] unsigned char 
 Return value:  Size  Location     Type
                  1    wreg      void 
 Registers used:
		wreg, fsr1l, fsr1h, fsr2l, fsr2h, status,2, status,0, tblptrl, tblptrh, tblptru, prodl, prodh, cstack
 Tracked objects:
		On entry : 
		On exit  : 
		Unchanged: 
 Data sizes:     COMRAM   BANK0   BANK1   BANK2   BANK3   BANK4   BANK5   BANK6   BANK7
      Params:         0       0       0       0       0       0       0       0       0
      Locals:         0      11       0       0       0       0       0       0       0
      Temps:          0       1       0       0       0       0       0       0       0
      Totals:         0      12       0       0       0       0       0       0       0
Total ram usage:       12 bytes
 Hardware stack levels used:    1
 Hardware stack levels required when called:   11
 This function calls:
		___awdiv
		___awmod
		_get_minutes
		_get_seconds
		_lcd_char
		_lcd_command
		_sprintf
 This function is called by:
		_IRpath1
		_main
		_IRpath2
 This function uses a non-reentrant model


 *************** function _sprintf *****************
 Defined at:
		line 9 in file "C:\Program Files (x86)\Microchip\xc8\v2.10\pic\sources\c99\common\nf_sprintf.c"
 Parameters:    Size  Location     Type
  s               2   85[BANK0 ] PTR unsigned char 
		 -> lcdprint@d(1), lcdprint@array(2), 
  fmt             2   87[BANK0 ] PTR const unsigned char 
		 -> STR_5(3), STR_4(3), STR_3(3), STR_2(3), 
		 -> STR_1(3), 
 Auto vars:     Size  Location     Type
  f               6   95[BANK0 ] struct _IO_FILE
  ap              2   93[BANK0 ] PTR void [1]
		 -> ?_sprintf(2), 
  ret             2    0        int 
 Return value:  Size  Location     Type
                  2   85[BANK0 ] int 
 Registers used:
		wreg, fsr1l, fsr1h, fsr2l, fsr2h, status,2, status,0, tblptrl, tblptrh, tblptru, cstack
 Tracked objects:
		On entry : 
		On exit  : 
		Unchanged: 
 Data sizes:     COMRAM   BANK0   BANK1   BANK2   BANK3   BANK4   BANK5   BANK6   BANK7
      Params:         0       6       0       0       0       0       0       0       0
      Locals:         0      10       0       0       0       0       0       0       0
      Temps:          0       0       0       0       0       0       0       0       0
      Totals:         0      16       0       0       0       0       0       0       0
Total ram usage:       16 bytes
 Hardware stack levels used:    1
 Hardware stack levels required when called:   10
 This function calls:
		_vfprintf
 This function is called by:
		_lcdprint
 This function uses a non-reentrant model


 *************** function _vfprintf *****************
 Defined at:
		line 1368 in file "C:\Program Files (x86)\Microchip\xc8\v2.10\pic\sources\c99\common\doprnt.c"
 Parameters:    Size  Location     Type
  fp              2   77[BANK0 ] PTR struct _IO_FILE
		 -> sprintf@f(6), 
  fmt             2   79[BANK0 ] PTR const unsigned char 
		 -> STR_5(3), STR_4(3), STR_3(3), STR_2(3), 
		 -> STR_1(3), 
  ap              2   81[BANK0 ] PTR PTR void 
		 -> sprintf@ap(2), 
 Auto vars:     Size  Location     Type
  cfmt            2   83[BANK0 ] PTR unsigned char 
		 -> STR_5(3), STR_4(3), STR_3(3), STR_2(3), 
		 -> STR_1(3), 
 Return value:  Size  Location     Type
                  2   77[BANK0 ] int 
 Registers used:
		wreg, fsr1l, fsr1h, fsr2l, fsr2h, status,2, status,0, tblptrl, tblptrh, tblptru, cstack
 Tracked objects:
		On entry : 
		On exit  : 
		Unchanged: 
 Data sizes:     COMRAM   BANK0   BANK1   BANK2   BANK3   BANK4   BANK5   BANK6   BANK7
      Params:         0       6       0       0       0       0       0       0       0
      Locals:         0       2       0       0       0       0       0       0       0
      Temps:          0       0       0       0       0       0       0       0       0
      Totals:         0       8       0       0       0       0       0       0       0
Total ram usage:        8 bytes
 Hardware stack levels used:    1
 Hardware stack levels required when called:    9
 This function calls:
		_vfpfcnvrt
 This function is called by:
		_sprintf
 This function uses a non-reentrant model


 *************** function _vfpfcnvrt *****************
 Defined at:
		line 670 in file "C:\Program Files (x86)\Microchip\xc8\v2.10\pic\sources\c99\common\doprnt.c"
 Parameters:    Size  Location     Type
  fp              2   59[BANK0 ] PTR struct _IO_FILE
		 -> sprintf@f(6), 
  fmt             2   61[BANK0 ] PTR PTR unsigned char 
		 -> vfprintf@cfmt(2), 
  ap              2   63[BANK0 ] PTR PTR void 
		 -> sprintf@ap(2), 
 Auto vars:     Size  Location     Type
  llu             8   69[BANK0 ] unsigned long long 
  ll              8    0        long long 
  f               4    0        long long 
  vp              3    0        PTR void 
  ct              3    0        unsigned char [3]
  cp              3    0        PTR unsigned char 
  i               2    0        int 
  done            2    0        int 
  c               1    0        unsigned char 
 Return value:  Size  Location     Type
                  2   59[BANK0 ] int 
 Registers used:
		wreg, fsr1l, fsr1h, fsr2l, fsr2h, status,2, status,0, tblptrl, tblptrh, tblptru, cstack
 Tracked objects:
		On entry : 
		On exit  : 
		Unchanged: 
 Data sizes:     COMRAM   BANK0   BANK1   BANK2   BANK3   BANK4   BANK5   BANK6   BANK7
      Params:         0       6       0       0       0       0       0       0       0
      Locals:         0       8       0       0       0       0       0       0       0
      Temps:          0       4       0       0       0       0       0       0       0
      Totals:         0      18       0       0       0       0       0       0       0
Total ram usage:       18 bytes
 Hardware stack levels used:    1
 Hardware stack levels required when called:    8
 This function calls:
		_fputc
		_utoa
 This function is called by:
		_vfprintf
 This function uses a non-reentrant model


 *************** function _utoa *****************
 Defined at:
		line 593 in file "C:\Program Files (x86)\Microchip\xc8\v2.10\pic\sources\c99\common\doprnt.c"
 Parameters:    Size  Location     Type
  fp              2   27[BANK0 ] PTR struct _IO_FILE
		 -> sprintf@f(6), 
  d               8   29[BANK0 ] unsigned long long 
 Auto vars:     Size  Location     Type
  n               8   49[BANK0 ] unsigned long long 
  i               2   57[BANK0 ] int 
  w               2   47[BANK0 ] int 
  p               2   45[BANK0 ] int 
 Return value:  Size  Location     Type
                  2   27[BANK0 ] int 
 Registers used:
		wreg, fsr1l, fsr1h, fsr2l, fsr2h, status,2, status,0, cstack
 Tracked objects:
		On entry : 
		On exit  : 
		Unchanged: 
 Data sizes:     COMRAM   BANK0   BANK1   BANK2   BANK3   BANK4   BANK5   BANK6   BANK7
      Params:         0      10       0       0       0       0       0       0       0
      Locals:         0      14       0       0       0       0       0       0       0
      Temps:          0       8       0       0       0       0       0       0       0
      Totals:         0      32       0       0       0       0       0       0       0
Total ram usage:       32 bytes
 Hardware stack levels used:    1
 Hardware stack levels required when called:    7
 This function calls:
		___lodiv
		___lomod
		_pad
 This function is called by:
		_vfpfcnvrt
 This function uses a non-reentrant model


 *************** function _pad *****************
 Defined at:
		line 72 in file "C:\Program Files (x86)\Microchip\xc8\v2.10\pic\sources\c99\common\doprnt.c"
 Parameters:    Size  Location     Type
  fp              2   16[BANK0 ] PTR struct _IO_FILE
		 -> sprintf@f(6), 
  buf             2   18[BANK0 ] PTR unsigned char 
		 -> dbuf(32), 
  p               2   20[BANK0 ] int 
 Auto vars:     Size  Location     Type
  w               2   25[BANK0 ] int 
  i               2   23[BANK0 ] int 
 Return value:  Size  Location     Type
                  2   16[BANK0 ] int 
 Registers used:
		wreg, fsr1l, fsr1h, fsr2l, fsr2h, status,2, status,0, cstack
 Tracked objects:
		On entry : 
		On exit  : 
		Unchanged: 
 Data sizes:     COMRAM   BANK0   BANK1   BANK2   BANK3   BANK4   BANK5   BANK6   BANK7
      Params:         0       6       0       0       0       0       0       0       0
      Locals:         0       4       0       0       0       0       0       0       0
      Temps:          0       1       0       0       0       0       0       0       0
      Totals:         0      11       0       0       0       0       0       0       0
Total ram usage:       11 bytes
 Hardware stack levels used:    1
 Hardware stack levels required when called:    6
 This function calls:
		_fputc
		_fputs
		_strlen
 This function is called by:
		_utoa
 This function uses a non-reentrant model


 *************** function _strlen *****************
 Defined at:
		line 5 in file "C:\Program Files (x86)\Microchip\xc8\v2.10\pic\sources\c99\common\strlen.c"
 Parameters:    Size  Location     Type
  s               2    0[BANK0 ] PTR const unsigned char 
		 -> dbuf(32), 
 Auto vars:     Size  Location     Type
  a               2    2[BANK0 ] PTR const unsigned char 
		 -> dbuf(32), 
 Return value:  Size  Location     Type
                  2    0[BANK0 ] unsigned int 
 Registers used:
		wreg, fsr2l, fsr2h, status,2, status,0
 Tracked objects:
		On entry : 
		On exit  : 
		Unchanged: 
 Data sizes:     COMRAM   BANK0   BANK1   BANK2   BANK3   BANK4   BANK5   BANK6   BANK7
      Params:         0       2       0       0       0       0       0       0       0
      Locals:         0       2       0       0       0       0       0       0       0
      Temps:          0       0       0       0       0       0       0       0       0
      Totals:         0       4       0       0       0       0       0       0       0
Total ram usage:        4 bytes
 Hardware stack levels used:    1
 Hardware stack levels required when called:    3
 This function calls:
		Nothing
 This function is called by:
		_pad
 This function uses a non-reentrant model


 *************** function _fputs *****************
 Defined at:
		line 8 in file "C:\Program Files (x86)\Microchip\xc8\v2.10\pic\sources\c99\common\nf_fputs.c"
 Parameters:    Size  Location     Type
  s               2    9[BANK0 ] PTR const unsigned char 
		 -> dbuf(32), 
  fp              2   11[BANK0 ] PTR struct _IO_FILE
		 -> sprintf@f(6), 
 Auto vars:     Size  Location     Type
  i               2   14[BANK0 ] int 
  c               1   13[BANK0 ] unsigned char 
 Return value:  Size  Location     Type
                  2    9[BANK0 ] int 
 Registers used:
		wreg, fsr1l, fsr1h, fsr2l, fsr2h, status,2, status,0, cstack
 Tracked objects:
		On entry : 
		On exit  : 
		Unchanged: 
 Data sizes:     COMRAM   BANK0   BANK1   BANK2   BANK3   BANK4   BANK5   BANK6   BANK7
[...]
		_set_months
		_set_days
		_set_years
		_set_Aseconds
		_set_Aminutes
		_set_Ahours
 This function uses a non-reentrant model


 *************** function ___awdiv *****************
 Defined at:
		line 7 in file "C:\Program Files (x86)\Microchip\xc8\v2.10\pic\sources\c99\common\awdiv.c"
 Parameters:    Size  Location     Type
  dividend        2    0[BANK0 ] int 
  divisor         2    2[BANK0 ] int 
 Auto vars:     Size  Location     Type
  quotient        2    6[BANK0 ] int 
  sign            1    5[BANK0 ] unsigned char 
  counter         1    4[BANK0 ] unsigned char 
 Return value:  Size  Location     Type
                  2    0[BANK0 ] int 
 Registers used:
		wreg, status,2, status,0
 Tracked objects:
		On entry : 
		On exit  : 
		Unchanged: 
 Data sizes:     COMRAM   BANK0   BANK1   BANK2   BANK3   BANK4   BANK5   BANK6   BANK7
      Params:         0       4       0       0       0       0       0       0       0
      Locals:         0       4       0       0       0       0       0       0       0
      Temps:          0       0       0       0       0       0       0       0       0
      Totals:         0       8       0       0       0       0       0       0       0
Total ram usage:        8 bytes
 Hardware stack levels used:    1
 Hardware stack levels required when called:    3
 This function calls:
		Nothing
 This function is called by:
		_lcdprint
		_set_seconds
		_set_minutes
		_set_hours
		_set_months
		_set_days
		_set_years
		_set_Aseconds
		_set_Aminutes
		_set_Ahours
 This function uses a non-reentrant model


 *************** function _forward *****************
 Defined at:
		line 10 in file "movement.c"
 Parameters:    Size  Location     Type
  gostop          2    0[BANK0 ] int 
 Auto vars:     Size  Location     Type
		None
 Return value:  Size  Location     Type
                  1    wreg      void 
 Registers used:
		None
 Tracked objects:
		On entry : 
		On exit  : 
		Unchanged: 
 Data sizes:     COMRAM   BANK0   BANK1   BANK2   BANK3   BANK4   BANK5   BANK6   BANK7
      Params:         0       2       0       0       0       0       0       0       0
      Locals:         0       0       0       0       0       0       0       0       0
      Temps:          0       0       0       0       0       0       0       0       0
      Totals:         0       2       0       0       0       0       0       0       0
Total ram usage:        2 bytes
 Hardware stack levels used:    1
 Hardware stack levels required when called:    3
 This function calls:
		Nothing
 This function is called by:
		_IRpath1
		_main
		_IRpath2
 This function uses a non-reentrant model


 *************** function _backward *****************
 Defined at:
		line 20 in file "movement.c"
 Parameters:    Size  Location     Type
		None
 Auto vars:     Size  Location     Type
		None
 Return value:  Size  Location     Type
                  1    wreg      void 
 Registers used:
		wreg, status,2
 Tracked objects:
		On entry : 
		On exit  : 
		Unchanged: 
 Data sizes:     COMRAM   BANK0   BANK1   BANK2   BANK3   BANK4   BANK5   BANK6   BANK7
      Params:         0       0       0       0       0       0       0       0       0
      Locals:         0       0       0       0       0       0       0       0       0
      Temps:          0       2       0       0       0       0       0       0       0
      Totals:         0       2       0       0       0       0       0       0       0
Total ram usage:        2 bytes
 Hardware stack levels used:    1
 Hardware stack levels required when called:    3
 This function calls:
		Nothing
 This function is called by:
		_IRpath1
		_main
		_IRpath2
 This function uses a non-reentrant model


 *************** function _echo *****************
 Defined at:
		line 141 in file "senior_main.c"
 Parameters:    Size  Location     Type
		None
 Auto vars:     Size  Location     Type
		None
 Return value:  Size  Location     Type
                  1    wreg      void 
 Registers used:
		wreg, status,2, status,0, cstack
 Tracked objects:
		On entry : 
		On exit  : 
		Unchanged: 
 Data sizes:     COMRAM   BANK0   BANK1   BANK2   BANK3   BANK4   BANK5   BANK6   BANK7
      Params:         0       0       0       0       0       0       0       0       0
      Locals:         0       0       0       0       0       0       0       0       0
      Temps:          0       0       0       0       0       0       0       0       0
      Totals:         0       0       0       0       0       0       0       0       0
Total ram usage:        0 bytes
 Hardware stack levels used:    1
 Hardware stack levels required when called:    2
 This function calls:
		_IRL
		_IRR
		_us_irs
 This function is called by:
		Interrupt level 2
 This function uses a non-reentrant model


 *************** function _us_irs *****************
 Defined at:
		line 80 in file "senior_main.c"
 Parameters:    Size  Location     Type
		None
 Auto vars:     Size  Location     Type
  time_taken      2   69[COMRAM] int 
 Return value:  Size  Location     Type
                  1    wreg      void 
 Registers used:
		wreg, status,2, status,0, cstack
 Tracked objects:
		On entry : 
		On exit  : 
		Unchanged: 
 Data sizes:     COMRAM   BANK0   BANK1   BANK2   BANK3   BANK4   BANK5   BANK6   BANK7
      Params:         0       0       0       0       0       0       0       0       0
      Locals:         2       0       0       0       0       0       0       0       0
      Temps:          4       0       0       0       0       0       0       0       0
      Totals:         6       0       0       0       0       0       0       0       0
Total ram usage:        6 bytes
 Hardware stack levels used:    1
 Hardware stack levels required when called:    1
 This function calls:
		___fladd
		___fldiv
		___fltol
		___xxtofl
		i2_forward
 This function is called by:
		_echo
 This function uses a non-reentrant model


 *************** function ___xxtofl *****************
 Defined at:
		line 10 in file "C:\Program Files (x86)\Microchip\xc8\v2.10\pic\sources\c99\common\xxtofl.c"
 Parameters:    Size  Location     Type
  sign            1    wreg     unsigned char 
  val             4    0[COMRAM] long 
 Auto vars:     Size  Location     Type
  sign            1    8[COMRAM] unsigned char 
  arg             4   10[COMRAM] unsigned long 
  exp             1    9[COMRAM] unsigned char 
 Return value:  Size  Location     Type
                  4    0[COMRAM] unsigned char 
 Registers used:
		wreg, status,2, status,0
 Tracked objects:
		On entry : 
		On exit  : 
		Unchanged: 
 Data sizes:     COMRAM   BANK0   BANK1   BANK2   BANK3   BANK4   BANK5   BANK6   BANK7
      Params:         4       0       0       0       0       0       0       0       0
      Locals:         6       0       0       0       0       0       0       0       0
      Temps:          4       0       0       0       0       0       0       0       0
      Totals:        14       0       0       0       0       0       0       0       0
Total ram usage:       14 bytes
 Hardware stack levels used:    1
 This function calls:
		Nothing
 This function is called by:
		_us_irs
 This function uses a non-reentrant model


 *************** function ___fltol *****************
 Defined at:
		line 43 in file "C:\Program Files (x86)\Microchip\xc8\v2.10\pic\sources\c99\common\fltol.c"
 Parameters:    Size  Location     Type
  f1              4   55[COMRAM] unsigned char 
 Auto vars:     Size  Location     Type
  exp1            1   64[COMRAM] unsigned char 
  sign1           1   63[COMRAM] unsigned char 
 Return value:  Size  Location     Type
                  4   55[COMRAM] long 
 Registers used:
		wreg, status,2, status,0
 Tracked objects:
		On entry : 
		On exit  : 
		Unchanged: 
 Data sizes:     COMRAM   BANK0   BANK1   BANK2   BANK3   BANK4   BANK5   BANK6   BANK7
      Params:         4       0       0       0       0       0       0       0       0
      Locals:         2       0       0       0       0       0       0       0       0
      Temps:          4       0       0       0       0       0       0       0       0
      Totals:        10       0       0       0       0       0       0       0       0
Total ram usage:       10 bytes
 Hardware stack levels used:    1
 This function calls:
		Nothing
 This function is called by:
		_us_irs
 This function uses a non-reentrant model


 *************** function ___fldiv *****************
 Defined at:
		line 11 in file "C:\Program Files (x86)\Microchip\xc8\v2.10\pic\sources\c99\common\sprcdiv.c"
 Parameters:    Size  Location     Type
  b               4   14[COMRAM] long 
  a               4   18[COMRAM] long 
 Auto vars:     Size  Location     Type
  grs             4   33[COMRAM] unsigned long 
  rem             4   26[COMRAM] unsigned long 
  new_exp         2   31[COMRAM] short 
  aexp            1   38[COMRAM] unsigned char 
  bexp            1   37[COMRAM] unsigned char 
  sign            1   30[COMRAM] unsigned char 
 Return value:  Size  Location     Type
                  4   14[COMRAM] unsigned char 
 Registers used:
		wreg, status,2, status,0
 Tracked objects:
		On entry : 
		On exit  : 
		Unchanged: 
 Data sizes:     COMRAM   BANK0   BANK1   BANK2   BANK3   BANK4   BANK5   BANK6   BANK7
      Params:         8       0       0       0       0       0       0       0       0
      Locals:        13       0       0       0       0       0       0       0       0
      Temps:          4       0       0       0       0       0       0       0       0
      Totals:        25       0       0       0       0       0       0       0       0
Total ram usage:       25 bytes
 Hardware stack levels used:    1
 This function calls:
		Nothing
 This function is called by:
		_us_irs
 This function uses a non-reentrant model


 *************** function ___fladd *****************
 Defined at:
		line 10 in file "C:\Program Files (x86)\Microchip\xc8\v2.10\pic\sources\c99\common\sprcadd.c"
 Parameters:    Size  Location     Type
  b               4   39[COMRAM] unsigned char 
  a               4   43[COMRAM] unsigned char 
 Auto vars:     Size  Location     Type
  grs             1   54[COMRAM] unsigned char 
  bexp            1   53[COMRAM] unsigned char 
  aexp            1   52[COMRAM] unsigned char 
  signs           1   51[COMRAM] unsigned char 
 Return value:  Size  Location     Type
                  4   39[COMRAM] unsigned char 
 Registers used:
		wreg, status,2, status,0
 Tracked objects:
		On entry : 
		On exit  : 
		Unchanged: 
 Data sizes:     COMRAM   BANK0   BANK1   BANK2   BANK3   BANK4   BANK5   BANK6   BANK7
      Params:         8       0       0       0       0       0       0       0       0
      Locals:         4       0       0       0       0       0       0       0       0
      Temps:          4       0       0       0       0       0       0       0       0
      Totals:        16       0       0       0       0       0       0       0       0
Total ram usage:       16 bytes
 Hardware stack levels used:    1
 This function calls:
		Nothing
 This function is called by:
		_us_irs
 This function uses a non-reentrant model


 *************** function _IRR *****************
 Defined at:
		line 122 in file "senior_main.c"
 Parameters:    Size  Location     Type
		None
 Auto vars:     Size  Location     Type
		None
 Return value:  Size  Location     Type
                  1    wreg      void 
 Registers used:
		wreg, status,2, cstack
 Tracked objects:
		On entry : 
		On exit  : 
		Unchanged: 
 Data sizes:     COMRAM   BANK0   BANK1   BANK2   BANK3   BANK4   BANK5   BANK6   BANK7
      Params:         0       0       0       0       0       0       0       0       0
      Locals:         0       0       0       0       0       0       0       0       0
      Temps:          0       0       0       0       0       0       0       0       0
      Totals:         0       0       0       0       0       0       0       0       0
Total ram usage:        0 bytes
 Hardware stack levels used:    1
 Hardware stack levels required when called:    1
 This function calls:
		i2_forward
 This function is called by:
		_echo
 This function uses a non-reentrant model


 *************** function _IRL *****************
 Defined at:
		line 102 in file "senior_main.c"
 Parameters:    Size  Location     Type
		None
 Auto vars:     Size  Location     Type
		None
 Return value:  Size  Location     Type
                  1    wreg      void 
 Registers used:
		wreg, status,2, cstack
 Tracked objects:
		On entry : 
		On exit  : 
		Unchanged: 
 Data sizes:     COMRAM   BANK0   BANK1   BANK2   BANK3   BANK4   BANK5   BANK6   BANK7
      Params:         0       0       0       0       0       0       0       0       0
      Locals:         0       0       0       0       0       0       0       0       0
      Temps:          0       0       0       0       0       0       0       0       0
      Totals:         0       0       0       0       0       0       0       0       0
Total ram usage:        0 bytes
 Hardware stack levels used:    1
 Hardware stack levels required when called:    1
 This function calls:
		i2_forward
 This function is called by:
		_echo
 This function uses a non-reentrant model


 *************** function i2_forward *****************
 Defined at:
		line 10 in file "movement.c"
 Parameters:    Size  Location     Type
  gostop          2    0[COMRAM] int 
 Auto vars:     Size  Location     Type
		None
 Return value:  Size  Location     Type
                  1    wreg      void 
 Registers used:
		None
 Tracked objects:
		On entry : 
		On exit  : 
		Unchanged: 
 Data sizes:     COMRAM   BANK0   BANK1   BANK2   BANK3   BANK4   BANK5   BANK6   BANK7
      Params:         2       0       0       0       0       0       0       0       0
      Locals:         0       0       0       0       0       0       0       0       0
      Temps:          0       0       0       0       0       0       0       0       0
      Totals:         2       0       0       0       0       0       0       0       0
Total ram usage:        2 bytes
 Hardware stack levels used:    1
 This function calls:
		Nothing
 This function is called by:
		_us_irs
		_IRL
		_IRR
 This function uses a non-reentrant model



MODULE INFORMATION

Module		Function		Class		Link	Load	Size
C:\Program Files (x86)\Microchip\xc8\v2.10\pic\sources\c99\common\lodiv.c
		___lodiv       		CODE           	2652	0000	243

C:\Program Files (x86)\Microchip\xc8\v2.10\pic\sources\c99\common\lodiv.c estimated size: 243

C:\Program Files (x86)\Microchip\xc8\v2.10\pic\sources\c99\common\xxtofl.c
		___xxtofl      		CODE           	1F8A	0000	437

C:\Program Files (x86)\Microchip\xc8\v2.10\pic\sources\c99\common\xxtofl.c estimated size: 437

C:\Program Files (x86)\Microchip\xc8\v2.10\pic\sources\c99\common\awdiv.c
		___awdiv       		CODE           	2C14	0000	199

C:\Program Files (x86)\Microchip\xc8\v2.10\pic\sources\c99\common\awdiv.c estimated size: 199

C:\Program Files (x86)\Microchip\xc8\v2.10\pic\sources\c99\common\strlen.c
		_strlen        		CODE           	32E6	0000	59

C:\Program Files (x86)\Microchip\xc8\v2.10\pic\sources\c99\common\strlen.c estimated size: 59

C:\Program Files (x86)\Microchip\xc8\v2.10\pic\sources\c99\common\fltol.c
		___fltol       		CODE           	254C	0000	263

C:\Program Files (x86)\Microchip\xc8\v2.10\pic\sources\c99\common\fltol.c estimated size: 263

timer.c
		_get_minutes   		CODE           	345E	0000	37
		_get_seconds   		CODE           	3438	0000	39
		_set_minutes   		CODE           	2EF6	0000	97
		_set_seconds   		CODE           	2E20	0000	117
		_rtc_init      		CODE           	2D8C	0000	149

timer.c estimated size: 439

i2c.c
		_i2c_write     		CODE           	2B4C	0000	201
		_i2c_read      		CODE           	22D4	0000	339
		_i2c_init      		CODE           	33E4	0000	43

i2c.c estimated size: 583

C:\Program Files (x86)\Microchip\xc8\v2.10\pic\sources\c99\common\sprcdiv.c
		___fldiv       		CODE           	1766	0000	923

C:\Program Files (x86)\Microchip\xc8\v2.10\pic\sources\c99\common\sprcdiv.c estimated size: 923

C:\Program Files (x86)\Microchip\xc8\v2.10\pic\sources\c99\common\doprnt.c
		_vfpfcnvrt     		CODE           	213E	0000	407
		_pad           		CODE           	2A82	0000	203
		_vfprintf      		CODE           	2E94	0000	99
		_utoa          		CODE           	1D84	0000	519

C:\Program Files (x86)\Microchip\xc8\v2.10\pic\sources\c99\common\doprnt.c estimated size: 1228

adc.c
		_adc_init      		CODE           	34A2	0000	11
		_adcNum0       		CODE           	3228	0000	71

adc.c estimated size: 82

C:\Program Files (x86)\Microchip\xc8\v2.10\pic\sources\c99\common\nf_fputs.c
		_fputs         		CODE           	31E0	0000	73

C:\Program Files (x86)\Microchip\xc8\v2.10\pic\sources\c99\common\nf_fputs.c estimated size: 73

shared
		_stop          		SMALLCONST     	0000	0000	0
		__initialization		CODE           	3388	0000	29
		_go            		SMALLCONST     	0000	0000	0
		i2_forward     		CODE           	340E	0000	43

shared estimated size: 72

C:\Program Files (x86)\Microchip\xc8\v2.10\pic\sources\c99\common\putch.c
		_putch         		CODE           	34AC	0000	3

C:\Program Files (x86)\Microchip\xc8\v2.10\pic\sources\c99\common\putch.c estimated size: 3

C:\Program Files (x86)\Microchip\xc8\v2.10\pic\sources\c99\common\lomod.c
		___lomod       		CODE           	2744	0000	211

C:\Program Files (x86)\Microchip\xc8\v2.10\pic\sources\c99\common\lomod.c estimated size: 211

C:\Program Files (x86)\Microchip\xc8\v2.10\pic\sources\c99\common\sprcadd.c
		___fladd       		CODE           	0E2C	0000	1217

C:\Program Files (x86)\Microchip\xc8\v2.10\pic\sources\c99\common\sprcadd.c estimated size: 1217

lcd.c
		_lcd_command   		CODE           	2816	0000	209
		_lcd_char      		CODE           	28E6	0000	209
		_lcd_init      		CODE           	3482	0000	33

lcd.c estimated size: 451

C:\Program Files (x86)\Microchip\xc8\v2.10\pic\sources\c99\common\nf_sprintf.c
		_sprintf       		CODE           	3012	0000	83

C:\Program Files (x86)\Microchip\xc8\v2.10\pic\sources\c99\common\nf_sprintf.c estimated size: 83

senior_main.c
		_us_irs        		CODE           	2426	0000	295
		_IRR           		CODE           	2F56	0000	95
		_IRpath1       		CODE           	12EC	0000	1147
		_echo          		CODE           	0008	0000	359
		_main          		CODE           	080A	0000	1571
		_t1_init       		CODE           	3320	0000	57
		_ccp_init      		CODE           	3064	0000	77
		_ultra_dist    		CODE           	3358	0000	49
		_lcdprint      		CODE           	1B00	0000	645
		_pwm_init      		CODE           	326E	0000	61
		_IRL           		CODE           	2FB4	0000	95

senior_main.c estimated size: 4451

C:\Program Files (x86)\Microchip\xc8\v2.10\pic\sources\c99\common\awmod.c
		___awmod       		CODE           	2CDA	0000	179

C:\Program Files (x86)\Microchip\xc8\v2.10\pic\sources\c99\common\awmod.c estimated size: 179

movement.c
		_forward       		CODE           	33B6	0000	47
		_lturn         		CODE           	3194	0000	77
		_rturn         		CODE           	30B0	0000	77
		_reversel      		CODE           	3148	0000	77
		_reverser      		CODE           	30FC	0000	77
		_backward      		CODE           	32AA	0000	61

movement.c estimated size: 416

C:\Program Files (x86)\Microchip\xc8\v2.10\pic\sources\c99\common\nf_fputc.c
		_fputc         		CODE           	29B6	0000	205

C:\Program Files (x86)\Microchip\xc8\v2.10\pic\sources\c99\common\nf_fputc.c estimated size: 205

